  console.error
    `ReactDOMTestUtils.act` is deprecated in favor of `React.act`. Import `act` from `react` instead of `react-dom/test-utils`. See https://react.dev/warnings/react-dom-test-utils for more info.

      73 |   });
      74 |   clients.push(queryClient);
    > 75 |   return render(
         |                ^
      76 |     <QueryClientProvider client={queryClient}>
      77 |       <MainContent
      78 |         collectionArray={[

      at Object.<anonymous>.process.env.NODE_ENV.exports.act (../../../compass-agent/node_modules/react-dom/cjs/react-dom-test-utils.development.js:19:17)
      at ../../../compass-agent/node_modules/@testing-library/react/dist/act-compat.js:63:25
      at renderRoot (../../../compass-agent/node_modules/@testing-library/react/dist/pure.js:159:26)
      at render (../../../compass-agent/node_modules/@testing-library/react/dist/pure.js:246:10)
      at renderCollection (src/modules/collection/MainContent.test.tsx:75:16)
      at Object.renderCollection (src/modules/collection/MainContent.test.tsx:118:5)

  console.log
    activity_score asc

      at log (src/modules/collection/MainHeader.tsx:70:13)

FAIL src/modules/collection/MainContent.test.tsx (8.894 s)
  collection search pagination
    ✓ keeps normal collection pagination on the selected page (464 ms)
    ✕ starts a submitted click search on page one and displays its only match (1302 ms)
    ✕ starts a submitted enter search on page one and displays its only match (1273 ms)
    ✕ allows normal pagination within the new search results (1311 ms)
    ✕ returns to the first unfiltered page when the search is cleared (1413 ms)
    ✕ preserves the activity sort and page size while resetting search pagination (1655 ms)

  ● collection search pagination › starts a submitted click search on page one and displays its only match

    Unable to find role="link" and name "needle-1"

    Ignored nodes: comments, script, style
    [36m<body>[39m
      [36m<div>[39m
        [36m<div[39m
          [33mclass[39m=[32m"flex-1 overflow-y-auto"[39m
        [36m>[39m
          [36m<div[39m
            [33mclass[39m=[32m"w-full"[39m
          [36m>[39m
            [36m<div[39m
              [33mclass[39m=[32m"flex justify-between px-8 pt-4 pb-5 md:hidden"[39m
            [36m>[39m
              [36m<div[39m
                [33mclass[39m=[32m"mr-8"[39m
              [36m>[39m
                [36m<div[39m
                  [33mclass[39m=[32m"text-xl font-bold"[39m
                [36m>[39m
                  [0mSQL Database[0m
                [36m</div>[39m
                [36m<div[39m
                  [33mclass[39m=[32m"text-xs text-gray-400"[39m
                [36m>[39m
                  [0mcollection:repositories[0m
                [36m</div>[39m
              [36m</div>[39m
              [36m<div[39m
                [33mclass[39m=[32m"pt-1"[39m
              [36m>[39m
                [36m<div[39m
                  [33mclass[39m=[32m"h-8 flex-none cursor-pointer border border-gray-500 px-2 text-center text-xs font-semibold leading-8"[39m
                [36m>[39m
                  [36m<div[39m
                    [33mclass[39m=[32m"mr-2 inline-block align-text-bottom"[39m
                  [36m/>[39m
                  [0mcollection:pick_for_compare[0m
                [36m</div>[39m
              [36m</div>[39m
              [36m<div[39m
                [33mclass[39m=[32m"ml-4 pt-1"[39m
              [36m>[39m
                [36m<div[39m
                  [33mclass[39m=[32m"flex items-center border border-gray-500 px-2 md:px-2"[39m
                [36m>[39m
                  [36m<input[39m
                    [33malt[39m=[32m"Type the name to insight into your project"[39m
                    [33mclass[39m=[32m"h-[30px] w-full appearance-none bg-transparent text-sm outline-0 md:h-[30px] md:text-sm"[39m
                    [33mplaceholder[39m=[32m"collection:search_repository"[39m
                    [33mtype[39m=[32m"text"[39m
                    [33mvalue[39m=[32m"needle"[39m
                  [36m/>[39m
                  [36m<div[39m
                    [33mclass[39m=[32m"h-6 w-8 cursor-pointer select-none pl-2"[39m
                  [36m>[39m
                    [36m<svg[39m
                      [33mclass[39m=[32m"h-full w-full"[39m
                      [33mfill[39m=[32m"currentColor"[39m
                      [33mheight[39m=[32m"1em"[39m
                      [33mstroke[39m=[32m"currentColor"[39m
                      [33mstroke-width[39m=[32m"0"[39m
                      [33mviewBox[39m=[32m"0 0 1024 1024"[39m
                      [33mwidth[39m=[32m"1em"[39m
                      [33mxmlns[39m=[32m"http://www.w3.org/2000/svg"[39m
                    [36m>[39m
                      [36m<path[39m
                        [33md[39m=[32m"M909.6 854.5L649.9 594.8C690.2 542.7 712 479 712 412c0-80.2-31.3-155.4-87.9-212.1-56.6-56.7-132-87.9-212.1-87.9s-155.5 31.3-212.1 87.9C143.2 256.5 112 331.8 112 412c0 80.1 31.3 155.5 87.9 212.1C256.5 680.8 331.8 712 412 712c67 0 130.6-21.8 182.7-62l259.7 259.6a8.2 8.2 0 0 0 11.6 0l43.6-43.5a8.2 8.2 0 0 0 0-11.6zM570.4 570.4C528 612.7 471.8 636 412 636s-116-23.3-158.4-65.6C211.3 528 188 471.8 188 412s23.3-116.1 65.6-158.4C296 211.3 352.2 188 412 188s116.1 23.2 158.4 65.6S636 352.2 636 412s-23.3 116.1-65.6 158.4z"[39m
                      [36m/>[39m
                    [36m</svg>[39m
                  [36m</div>[39m
                [36m</div>[39m
              [36m</div>[39m
              [36m<div[39m
                [33mclass[39m=[32m"ml-auto mt-2 cursor-pointer text-2xl"[39m
              [36m>[39m
                [36m<a[39m
                  [33mclass[39m=[32m"ant-dropdown-trigger hover:text-[#1677ff]"[39m
                [36m>[39m
                  [36m<svg[39m
                    [33mfill[39m=[32m"currentColor"[39m
                    [33mheight[39m=[32m"1em"[39m
                    [33mstroke[39m=[32m"currentColor"[39m
                    [33mstroke-width[39m=[32m"0"[39m
                    [33mviewBox[39m=[32m"0 0 24 24"[39m
                    [33mwidth[39m=[32m"1em"[39m
                    [33mxmlns[39m=[32m"http://www.w3.org/2000/svg"[39m
                  [36m>[39m
                    [36m<path[39m
                      [33md[39m=[32m"M0 0h24v24H0V0z"[39m
                      [33mfill[39m=[32m"none"[39m
                    [36m/>[39m
                    [36m<path[39m
                      [33md[39m=[32m"M3 18h6v-2H3v2zM3 6v2h18V6H3zm0 7h12v-2H3v2z"[39m
                    [36m/>[39m
                  [36m</svg>[39m
                [36m</a>[39m
              [36m</div>[39m
            [36m</div>[39m
            [36m<div[39m
              [33mclass[39m=[32m">md:hidden mb-4 flex flex h-11 items-center justify-between border-b bg-white px-4"[39m
            [36m>[39m
              [36m<div[39m
                [33mclass[39m=[32m"flex items-center"[39m
              [36m>[39m
                [36m<select[39m
                  [33mclass[39m=[32m"appearance-none bg-white font-medium outline-0"[39m
                  [33mstyle[39m=[32m"width: 10px;"[39m
                [36m>[39m
                  [36m<option[39m
                    [33mvalue[39m=[32m"/sql-database"[39m
                  [36m>[39m
                    [0mSQL Database[0m
                  [36m</option>[39m
                [36m</select>[39m
                [36m<div[39m
                  [33mclass[39m=[32m"text-xs"[39m
                [36m>[39m
                  [36m<svg[39m
                    [33mfill[39m=[32m"currentColor"[39m
                    [33mheight[39m=[32m"1em"[39m
                    [33mstroke[39m=[32m"currentColor"[39m
                    [33mstroke-width[39m=[32m"0"[39m
                    [33mviewBox[39m=[32m"0 0 1024 1024"[39m
                    [33mwidth[39m=[32m"1em"[39m
                    [33mxmlns[39m=[32m"http://www.w3.org/2000/svg"[39m
                  [36m>[39m
                    [36m<path[39m
                      [33md[39m=[32m"M840.4 300H183.6c-19.7 0-30.7 20.8-18.5 35l328.4 380.8c9.4 10.9 27.5 10.9 37 0L858.9 335c12.2-14.2 1.2-35-18.5-35z"[39m
                    [36m/>[39m
                  [36m</svg>[39m
                [36m</div>[39m
              [36m</div>[39m
              [36m<div[39m
                [33mclass[39m=[32m"text-xs text-gray-400"[39m
              [36m>[39m
                [0mcollection:repositories[0m
              [36m</div>[39m
            [36m</div>[39m
            [36m<span[39m
              [33mclass[39m=[32m"absolute -left-[9999px]  appearance-none bg-white font-medium outline-0"[39m
              [33mid[39m=[32m"select-element-width-helper"[39m
            [36m>[39m
              [0mSQL Database[0m
            [36m</span>[39m
            [36m<div[39m
              [33mclass[39m=[32m"px-8 pb-10 md:px-4"[39m
            [36m>[39m
              [36m<div[39m
                [33mclass[39m=[32m"grid flex-1 gap-6 >2xl:grid-cols-5 2xl:grid-cols-5 xl:grid-cols-4 lg:grid-cols-3 md:grid-cols-2 md:gap-4 sm:grid-cols-1"[39m
              [36m/>[39m
              [36m<div[39m
                [33mclass[39m=[32m"flex justify-center py-6"[39m
              [36m>[39m
                [36m<div>[39m
                  [36m<ul[39m
                    [33mclass[39m=[32m"ant-pagination css-dev-only-do-not-override-mncuj7"[39m
                  [36m>[39m
                    [36m<li[39m
                      [33maria-disabled[39m=[32m"true"[39m
                      [33mclass[39m=[32m"ant-pagination-prev ant-pagination-disabled"[39m
                      [33mtitle[39m=[32m"Previous Page"[39m
                    [36m>[39m
                      [36m<button[39m
                        [33mclass[39m=[32m"ant-pagination-item-link"[39m
                        [33mdisabled[39m=[32m""[39m
                        [33mtabindex[39m=[32m"-1"[39m
                        [33mtype[39m=[32m"button"[39m
                      [36m>[39m
                        [36m<span[39m
                          [33maria-label[39m=[32m"left"[39m
                          [33mclass[39m=[32m"anticon anticon-left"[39m
                          [33mrole[39m=[32m"img"[39m
                        [36m>[39m
                          [36m<svg[39m
                            [33maria-hidden[39m=[32m"true"[39m
                            [33mdata-icon[39m=[32m"left"[39m
                            [33mfill[39m=[32m"currentColor"[39m
                            [33mfocusable[39m=[32m"false"[39m
                            [33mheight[39m=[32m"1em"[39m
                            [33mviewBox[39m=[32m"64 64 896 896"[39m
                            [33mwidth[39m=[32m"1em"[39m
                          [36m>[39m
                            [36m<path[39m
                              [33md[39m=[32m"M724 218.3V141c0-6.7-7.7-10.4-12.9-6.3L260.3 486.8a31.86 31.86 0 000 50.3l450.8 352.1c5.3 4.1 12.9.4 12.9-6.3v-77.3c0-4.9-2.3-9.6-6.1-12.6l-360-281 360-281.1c3.8-3 6.1-7.7 6.1-12.6z"[39m
                            [36m/>[39m
                          [36m</svg>[39m
                        [36m</span>[39m
                      [36m</button>[39m
                    [36m</li>[39m
                    [36m<li[39m
                      [33mclass[39m=[32m"ant-pagination-item ant-pagination-item-1 ant-pagination-item-active"[39m
                      [33mtabindex[39m=[32m"0"[39m
                      [33mtitle[39m=[32m"1"[39m
                    [36m>[39m
                      [36m<a[39m
                        [33mrel[39m=[32m"nofollow"[39m
                      [36m>[39m
                        [0m1[0m
                      [36m</a>[39m
                    [36m</li>[39m
                    [36m<li[39m
                      [33maria-disabled[39m=[32m"true"[39m
                      [33mclass[39m=[32m"ant-pagination-next ant-pagination-disabled"[39m
                      [33mtitle[39m=[32m"Next Page"[39m
                    [36m>[39m
                      [36m<button[39m
                        [33mclass[39m=[32m"ant-pagination-item-link"[39m
                        [33mdisabled[39m=[32m""[39m
                        [33mtabindex[39m=[32m"-1"[39m
                        [33mtype[39m=[32m"button"[39m
                      [36m>[39m
                        [36m<span[39m
                          [33maria-label[39m=[32m"right"[39m
                          [33mclass[39m=[32m"anticon anticon-right"[39m
                          [33mrole[39m=[32m"img"[39m
                        [36m>[39m
                          [36m<svg[39m
                            [33maria-hidden[39m=[32m"true"[39m
                            [33mdata-icon[39m=[32m"right"[39m
                            [33mfill[39m=[32m"currentColor"[39m
                            [33mfocusable[39m=[32m"false"[39m
                            [33mheight[39m=[32m"1em"[39m
                            [33mviewBox[39m=[32m"64 64 896 896"[39m
                            [33mwidth[39m=[32m"1em"[39m
                          [36m>[39m
                            [36m<path[39m
                              [33md[39m=[32m"M765.7 486.8L314.9 134.7A7.97 7.97 0 00302 141v77.3c0 4.9 2.3 9.6 6.1 12.6l360 281.1-360 281.1c-3.9 3-6.1 7.7-6.1 12.6V883c0 6.7 7.7 10.4 12.9 6.3l450.8-352.1a31.96 31.96 0 000-50.4z"[39m
                            [36m/>[39m
                          [36m</svg>[39m
                        [36m</span>[39m
                      [36m</button>[39m
                    [36m</li>[39m
                  [36m</ul>[39m
                [36m</div>[39m
              [36m</div>[39m
            [36m</div>[39m
          [36m</div>[39m
        [36m</div>[39m
      [36m</div>[39m
    [36m</body>[39m

      128 |       submitSearch('needle', method);
      129 |
    > 130 |       await screen.findByRole('link', { name: 'needle-1' });
          |                    ^
      131 |       expect(queriesFor('needle').map(({ page }) => page)).toEqual([1]);
      132 |       expect(screen.queryByRole('link', { name: 'repo-31' })).toBeNull();
      133 |     }

      at waitForWrapper (../../../compass-agent/node_modules/@testing-library/dom/dist/wait-for.js:166:27)
      at ../../../compass-agent/node_modules/@testing-library/dom/dist/query-helpers.js:86:33
      at findByRole (src/modules/collection/MainContent.test.tsx:130:20)

  ● collection search pagination › starts a submitted enter search on page one and displays its only match

    Unable to find role="link" and name "needle-1"

    Ignored nodes: comments, script, style
    [36m<body>[39m
      [36m<div>[39m
        [36m<div[39m
          [33mclass[39m=[32m"flex-1 overflow-y-auto"[39m
        [36m>[39m
          [36m<div[39m
            [33mclass[39m=[32m"w-full"[39m
          [36m>[39m
            [36m<div[39m
              [33mclass[39m=[32m"flex justify-between px-8 pt-4 pb-5 md:hidden"[39m
            [36m>[39m
              [36m<div[39m
                [33mclass[39m=[32m"mr-8"[39m
              [36m>[39m
                [36m<div[39m
                  [33mclass[39m=[32m"text-xl font-bold"[39m
                [36m>[39m
                  [0mSQL Database[0m
                [36m</div>[39m
                [36m<div[39m
                  [33mclass[39m=[32m"text-xs text-gray-400"[39m
                [36m>[39m
                  [0mcollection:repositories[0m
                [36m</div>[39m
              [36m</div>[39m
              [36m<div[39m
                [33mclass[39m=[32m"pt-1"[39m
              [36m>[39m
                [36m<div[39m
                  [33mclass[39m=[32m"h-8 flex-none cursor-pointer border border-gray-500 px-2 text-center text-xs font-semibold leading-8"[39m
                [36m>[39m
                  [36m<div[39m
                    [33mclass[39m=[32m"mr-2 inline-block align-text-bottom"[39m
                  [36m/>[39m
                  [0mcollection:pick_for_compare[0m
                [36m</div>[39m
              [36m</div>[39m
              [36m<div[39m
                [33mclass[39m=[32m"ml-4 pt-1"[39m
              [36m>[39m
                [36m<div[39m
                  [33mclass[39m=[32m"flex items-center border border-gray-500 px-2 md:px-2"[39m
                [36m>[39m
                  [36m<input[39m
                    [33malt[39m=[32m"Type the name to insight into your project"[39m
                    [33mclass[39m=[32m"h-[30px] w-full appearance-none bg-transparent text-sm outline-0 md:h-[30px] md:text-sm"[39m
                    [33mplaceholder[39m=[32m"collection:search_repository"[39m
                    [33mtype[39m=[32m"text"[39m
                    [33mvalue[39m=[32m"needle"[39m
                  [36m/>[39m
                  [36m<div[39m
                    [33mclass[39m=[32m"h-6 w-8 cursor-pointer select-none pl-2"[39m
                  [36m>[39m
                    [36m<svg[39m
                      [33mclass[39m=[32m"h-full w-full"[39m
                      [33mfill[39m=[32m"currentColor"[39m
                      [33mheight[39m=[32m"1em"[39m
                      [33mstroke[39m=[32m"currentColor"[39m
                      [33mstroke-width[39m=[32m"0"[39m
                      [33mviewBox[39m=[32m"0 0 1024 1024"[39m
                      [33mwidth[39m=[32m"1em"[39m
                      [33mxmlns[39m=[32m"http://www.w3.org/2000/svg"[39m
                    [36m>[39m
                      [36m<path[39m
                        [33md[39m=[32m"M909.6 854.5L649.9 594.8C690.2 542.7 712 479 712 412c0-80.2-31.3-155.4-87.9-212.1-56.6-56.7-132-87.9-212.1-87.9s-155.5 31.3-212.1 87.9C143.2 256.5 112 331.8 112 412c0 80.1 31.3 155.5 87.9 212.1C256.5 680.8 331.8 712 412 712c67 0 130.6-21.8 182.7-62l259.7 259.6a8.2 8.2 0 0 0 11.6 0l43.6-43.5a8.2 8.2 0 0 0 0-11.6zM570.4 570.4C528 612.7 471.8 636 412 636s-116-23.3-158.4-65.6C211.3 528 188 471.8 188 412s23.3-116.1 65.6-158.4C296 211.3 352.2 188 412 188s116.1 23.2 158.4 65.6S636 352.2 636 412s-23.3 116.1-65.6 158.4z"[39m
                      [36m/>[39m
                    [36m</svg>[39m
                  [36m</div>[39m
                [36m</div>[39m
              [36m</div>[39m
              [36m<div[39m
                [33mclass[39m=[32m"ml-auto mt-2 cursor-pointer text-2xl"[39m
              [36m>[39m
                [36m<a[39m
                  [33mclass[39m=[32m"ant-dropdown-trigger hover:text-[#1677ff]"[39m
                [36m>[39m
                  [36m<svg[39m
                    [33mfill[39m=[32m"currentColor"[39m
                    [33mheight[39m=[32m"1em"[39m
                    [33mstroke[39m=[32m"currentColor"[39m
                    [33mstroke-width[39m=[32m"0"[39m
                    [33mviewBox[39m=[32m"0 0 24 24"[39m
                    [33mwidth[39m=[32m"1em"[39m
                    [33mxmlns[39m=[32m"http://www.w3.org/2000/svg"[39m
                  [36m>[39m
                    [36m<path[39m
                      [33md[39m=[32m"M0 0h24v24H0V0z"[39m
                      [33mfill[39m=[32m"none"[39m
                    [36m/>[39m
                    [36m<path[39m
                      [33md[39m=[32m"M3 18h6v-2H3v2zM3 6v2h18V6H3zm0 7h12v-2H3v2z"[39m
                    [36m/>[39m
                  [36m</svg>[39m
                [36m</a>[39m
              [36m</div>[39m
            [36m</div>[39m
            [36m<div[39m
              [33mclass[39m=[32m">md:hidden mb-4 flex flex h-11 items-center justify-between border-b bg-white px-4"[39m
            [36m>[39m
              [36m<div[39m
                [33mclass[39m=[32m"flex items-center"[39m
              [36m>[39m
                [36m<select[39m
                  [33mclass[39m=[32m"appearance-none bg-white font-medium outline-0"[39m
                  [33mstyle[39m=[32m"width: 10px;"[39m
                [36m>[39m
                  [36m<option[39m
                    [33mvalue[39m=[32m"/sql-database"[39m
                  [36m>[39m
                    [0mSQL Database[0m
                  [36m</option>[39m
                [36m</select>[39m
                [36m<div[39m
                  [33mclass[39m=[32m"text-xs"[39m
                [36m>[39m
                  [36m<svg[39m
                    [33mfill[39m=[32m"currentColor"[39m
                    [33mheight[39m=[32m"1em"[39m
                    [33mstroke[39m=[32m"currentColor"[39m
                    [33mstroke-width[39m=[32m"0"[39m
                    [33mviewBox[39m=[32m"0 0 1024 1024"[39m
                    [33mwidth[39m=[32m"1em"[39m
                    [33mxmlns[39m=[32m"http://www.w3.org/2000/svg"[39m
                  [36m>[39m
                    [36m<path[39m
                      [33md[39m=[32m"M840.4 300H183.6c-19.7 0-30.7 20.8-18.5 35l328.4 380.8c9.4 10.9 27.5 10.9 37 0L858.9 335c12.2-14.2 1.2-35-18.5-35z"[39m
                    [36m/>[39m
                  [36m</svg>[39m
                [36m</div>[39m
              [36m</div>[39m
              [36m<div[39m
                [33mclass[39m=[32m"text-xs text-gray-400"[39m
              [36m>[39m
                [0mcollection:repositories[0m
              [36m</div>[39m
            [36m</div>[39m
            [36m<span[39m
              [33mclass[39m=[32m"absolute -left-[9999px]  appearance-none bg-white font-medium outline-0"[39m
              [33mid[39m=[32m"select-element-width-helper"[39m
            [36m>[39m
              [0mSQL Database[0m
            [36m</span>[39m
            [36m<div[39m
              [33mclass[39m=[32m"px-8 pb-10 md:px-4"[39m
            [36m>[39m
              [36m<div[39m
                [33mclass[39m=[32m"grid flex-1 gap-6 >2xl:grid-cols-5 2xl:grid-cols-5 xl:grid-cols-4 lg:grid-cols-3 md:grid-cols-2 md:gap-4 sm:grid-cols-1"[39m
              [36m/>[39m
              [36m<div[39m
                [33mclass[39m=[32m"flex justify-center py-6"[39m
              [36m>[39m
                [36m<div>[39m
                  [36m<ul[39m
                    [33mclass[39m=[32m"ant-pagination css-dev-only-do-not-override-mncuj7"[39m
                  [36m>[39m
                    [36m<li[39m
                      [33maria-disabled[39m=[32m"true"[39m
                      [33mclass[39m=[32m"ant-pagination-prev ant-pagination-disabled"[39m
                      [33mtitle[39m=[32m"Previous Page"[39m
                    [36m>[39m
                      [36m<button[39m
                        [33mclass[39m=[32m"ant-pagination-item-link"[39m
                        [33mdisabled[39m=[32m""[39m
                        [33mtabindex[39m=[32m"-1"[39m
                        [33mtype[39m=[32m"button"[39m
                      [36m>[39m
                        [36m<span[39m
                          [33maria-label[39m=[32m"left"[39m
                          [33mclass[39m=[32m"anticon anticon-left"[39m
                          [33mrole[39m=[32m"img"[39m
                        [36m>[39m
                          [36m<svg[39m
                            [33maria-hidden[39m=[32m"true"[39m
                            [33mdata-icon[39m=[32m"left"[39m
                            [33mfill[39m=[32m"currentColor"[39m
                            [33mfocusable[39m=[32m"false"[39m
                            [33mheight[39m=[32m"1em"[39m
                            [33mviewBox[39m=[32m"64 64 896 896"[39m
                            [33mwidth[39m=[32m"1em"[39m
                          [36m>[39m
                            [36m<path[39m
                              [33md[39m=[32m"M724 218.3V141c0-6.7-7.7-10.4-12.9-6.3L260.3 486.8a31.86 31.86 0 000 50.3l450.8 352.1c5.3 4.1 12.9.4 12.9-6.3v-77.3c0-4.9-2.3-9.6-6.1-12.6l-360-281 360-281.1c3.8-3 6.1-7.7 6.1-12.6z"[39m
                            [36m/>[39m
                          [36m</svg>[39m
                        [36m</span>[39m
                      [36m</button>[39m
                    [36m</li>[39m
                    [36m<li[39m
                      [33mclass[39m=[32m"ant-pagination-item ant-pagination-item-1 ant-pagination-item-active"[39m
                      [33mtabindex[39m=[32m"0"[39m
                      [33mtitle[39m=[32m"1"[39m
                    [36m>[39m
                      [36m<a[39m
                        [33mrel[39m=[32m"nofollow"[39m
                      [36m>[39m
                        [0m1[0m
                      [36m</a>[39m
                    [36m</li>[39m
                    [36m<li[39m
                      [33maria-disabled[39m=[32m"true"[39m
                      [33mclass[39m=[32m"ant-pagination-next ant-pagination-disabled"[39m
                      [33mtitle[39m=[32m"Next Page"[39m
                    [36m>[39m
                      [36m<button[39m
                        [33mclass[39m=[32m"ant-pagination-item-link"[39m
                        [33mdisabled[39m=[32m""[39m
                        [33mtabindex[39m=[32m"-1"[39m
                        [33mtype[39m=[32m"button"[39m
                      [36m>[39m
                        [36m<span[39m
                          [33maria-label[39m=[32m"right"[39m
                          [33mclass[39m=[32m"anticon anticon-right"[39m
                          [33mrole[39m=[32m"img"[39m
                        [36m>[39m
                          [36m<svg[39m
                            [33maria-hidden[39m=[32m"true"[39m
                            [33mdata-icon[39m=[32m"right"[39m
                            [33mfill[39m=[32m"currentColor"[39m
                            [33mfocusable[39m=[32m"false"[39m
                            [33mheight[39m=[32m"1em"[39m
                            [33mviewBox[39m=[32m"64 64 896 896"[39m
                            [33mwidth[39m=[32m"1em"[39m
                          [36m>[39m
                            [36m<path[39m
                              [33md[39m=[32m"M765.7 486.8L314.9 134.7A7.97 7.97 0 00302 141v77.3c0 4.9 2.3 9.6 6.1 12.6l360 281.1-360 281.1c-3.9 3-6.1 7.7-6.1 12.6V883c0 6.7 7.7 10.4 12.9 6.3l450.8-352.1a31.96 31.96 0 000-50.4z"[39m
                            [36m/>[39m
                          [36m</svg>[39m
                        [36m</span>[39m
                      [36m</button>[39m
                    [36m</li>[39m
                  [36m</ul>[39m
                [36m</div>[39m
              [36m</div>[39m
            [36m</div>[39m
          [36m</div>[39m
        [36m</div>[39m
      [36m</div>[39m
    [36m</body>[39m

      128 |       submitSearch('needle', method);
      129 |
    > 130 |       await screen.findByRole('link', { name: 'needle-1' });
          |                    ^
      131 |       expect(queriesFor('needle').map(({ page }) => page)).toEqual([1]);
      132 |       expect(screen.queryByRole('link', { name: 'repo-31' })).toBeNull();
      133 |     }

      at waitForWrapper (../../../compass-agent/node_modules/@testing-library/dom/dist/wait-for.js:166:27)
      at ../../../compass-agent/node_modules/@testing-library/dom/dist/query-helpers.js:86:33
      at findByRole (src/modules/collection/MainContent.test.tsx:130:20)

  ● collection search pagination › allows normal pagination within the new search results

    Unable to find role="link" and name "broad-1"

    Ignored nodes: comments, script, style
    [36m<body>[39m
      [36m<div>[39m
        [36m<div[39m
          [33mclass[39m=[32m"flex-1 overflow-y-auto"[39m
        [36m>[39m
          [36m<div[39m
            [33mclass[39m=[32m"w-full"[39m
          [36m>[39m
            [36m<div[39m
              [33mclass[39m=[32m"flex justify-between px-8 pt-4 pb-5 md:hidden"[39m
            [36m>[39m
              [36m<div[39m
                [33mclass[39m=[32m"mr-8"[39m
              [36m>[39m
                [36m<div[39m
                  [33mclass[39m=[32m"text-xl font-bold"[39m
                [36m>[39m
                  [0mSQL Database[0m
                [36m</div>[39m
                [36m<div[39m
                  [33mclass[39m=[32m"text-xs text-gray-400"[39m
                [36m>[39m
                  [0mcollection:repositories[0m
                [36m</div>[39m
              [36m</div>[39m
              [36m<div[39m
                [33mclass[39m=[32m"pt-1"[39m
              [36m>[39m
                [36m<div[39m
                  [33mclass[39m=[32m"h-8 flex-none cursor-pointer border border-gray-500 px-2 text-center text-xs font-semibold leading-8"[39m
                [36m>[39m
                  [36m<div[39m
                    [33mclass[39m=[32m"mr-2 inline-block align-text-bottom"[39m
                  [36m/>[39m
                  [0mcollection:pick_for_compare[0m
                [36m</div>[39m
              [36m</div>[39m
              [36m<div[39m
                [33mclass[39m=[32m"ml-4 pt-1"[39m
              [36m>[39m
                [36m<div[39m
                  [33mclass[39m=[32m"flex items-center border border-gray-500 px-2 md:px-2"[39m
                [36m>[39m
                  [36m<input[39m
                    [33malt[39m=[32m"Type the name to insight into your project"[39m
                    [33mclass[39m=[32m"h-[30px] w-full appearance-none bg-transparent text-sm outline-0 md:h-[30px] md:text-sm"[39m
                    [33mplaceholder[39m=[32m"collection:search_repository"[39m
                    [33mtype[39m=[32m"text"[39m
                    [33mvalue[39m=[32m"broad"[39m
                  [36m/>[39m
                  [36m<div[39m
                    [33mclass[39m=[32m"h-6 w-8 cursor-pointer select-none pl-2"[39m
                  [36m>[39m
                    [36m<svg[39m
                      [33mclass[39m=[32m"h-full w-full"[39m
                      [33mfill[39m=[32m"currentColor"[39m
                      [33mheight[39m=[32m"1em"[39m
                      [33mstroke[39m=[32m"currentColor"[39m
                      [33mstroke-width[39m=[32m"0"[39m
                      [33mviewBox[39m=[32m"0 0 1024 1024"[39m
                      [33mwidth[39m=[32m"1em"[39m
                      [33mxmlns[39m=[32m"http://www.w3.org/2000/svg"[39m
                    [36m>[39m
                      [36m<path[39m
                        [33md[39m=[32m"M909.6 854.5L649.9 594.8C690.2 542.7 712 479 712 412c0-80.2-31.3-155.4-87.9-212.1-56.6-56.7-132-87.9-212.1-87.9s-155.5 31.3-212.1 87.9C143.2 256.5 112 331.8 112 412c0 80.1 31.3 155.5 87.9 212.1C256.5 680.8 331.8 712 412 712c67 0 130.6-21.8 182.7-62l259.7 259.6a8.2 8.2 0 0 0 11.6 0l43.6-43.5a8.2 8.2 0 0 0 0-11.6zM570.4 570.4C528 612.7 471.8 636 412 636s-116-23.3-158.4-65.6C211.3 528 188 471.8 188 412s23.3-116.1 65.6-158.4C296 211.3 352.2 188 412 188s116.1 23.2 158.4 65.6S636 352.2 636 412s-23.3 116.1-65.6 158.4z"[39m
                      [36m/>[39m
                    [36m</svg>[39m
                  [36m</div>[39m
                [36m</div>[39m
              [36m</div>[39m
              [36m<div[39m
                [33mclass[39m=[32m"ml-auto mt-2 cursor-pointer text-2xl"[39m
              [36m>[39m
                [36m<a[39m
                  [33mclass[39m=[32m"ant-dropdown-trigger hover:text-[#1677ff]"[39m
                [36m>[39m
                  [36m<svg[39m
                    [33mfill[39m=[32m"currentColor"[39m
                    [33mheight[39m=[32m"1em"[39m
                    [33mstroke[39m=[32m"currentColor"[39m
                    [33mstroke-width[39m=[32m"0"[39m
                    [33mviewBox[39m=[32m"0 0 24 24"[39m
                    [33mwidth[39m=[32m"1em"[39m
                    [33mxmlns[39m=[32m"http://www.w3.org/2000/svg"[39m
                  [36m>[39m
                    [36m<path[39m
                      [33md[39m=[32m"M0 0h24v24H0V0z"[39m
                      [33mfill[39m=[32m"none"[39m
                    [36m/>[39m
                    [36m<path[39m
                      [33md[39m=[32m"M3 18h6v-2H3v2zM3 6v2h18V6H3zm0 7h12v-2H3v2z"[39m
                    [36m/>[39m
                  [36m</svg>[39m
                [36m</a>[39m
              [36m</div>[39m
            [36m</div>[39m
            [36m<div[39m
              [33mclass[39m=[32m">md:hidden mb-4 flex flex h-11 items-center justify-between border-b bg-white px-4"[39m
            [36m>[39m
              [36m<div[39m
                [33mclass[39m=[32m"flex items-center"[39m
              [36m>[39m
                [36m<select[39m
                  [33mclass[39m=[32m"appearance-none bg-white font-medium outline-0"[39m
                  [33mstyle[39m=[32m"width: 10px;"[39m
                [36m>[39m
                  [36m<option[39m
                    [33mvalue[39m=[32m"/sql-database"[39m
                  [36m>[39m
                    [0mSQL Database[0m
                  [36m</option>[39m
                [36m</select>[39m
                [36m<div[39m
                  [33mclass[39m=[32m"text-xs"[39m
                [36m>[39m
                  [36m<svg[39m
                    [33mfill[39m=[32m"currentColor"[39m
                    [33mheight[39m=[32m"1em"[39m
                    [33mstroke[39m=[32m"currentColor"[39m
                    [33mstroke-width[39m=[32m"0"[39m
                    [33mviewBox[39m=[32m"0 0 1024 1024"[39m
                    [33mwidth[39m=[32m"1em"[39m
                    [33mxmlns[39m=[32m"http://www.w3.org/2000/svg"[39m
                  [36m>[39m
                    [36m<path[39m
                      [33md[39m=[32m"M840.4 300H183.6c-19.7 0-30.7 20.8-18.5 35l328.4 380.8c9.4 10.9 27.5 10.9 37 0L858.9 335c12.2-14.2 1.2-35-18.5-35z"[39m
                    [36m/>[39m
                  [36m</svg>[39m
                [36m</div>[39m
              [36m</div>[39m
              [36m<div[39m
                [33mclass[39m=[32m"text-xs text-gray-400"[39m
              [36m>[39m
                [0mcollection:repositories[0m
              [36m</div>[39m
            [36m</div>[39m
            [36m<span[39m
              [33mclass[39m=[32m"absolute -left-[9999px]  appearance-none bg-white font-medium outline-0"[39m
              [33mid[39m=[32m"select-element-width-helper"[39m
            [36m>[39m
              [0mSQL Database[0m
            [36m</span>[39m
            [36m<div[39m
              [33mclass[39m=[32m"px-8 pb-10 md:px-4"[39m
            [36m>[39m
              [36m<div[39m
                [33mclass[39m=[32m"grid flex-1 gap-6 >2xl:grid-cols-5 2xl:grid-cols-5 xl:grid-cols-4 lg:grid-cols-3 md:grid-cols-2 md:gap-4 sm:grid-cols-1"[39m
              [36m>[39m
                [36m<div[39m
                  [33mclass[39m=[32m"w-full"[39m
             ...

      105 | };
      106 | const goToPageTwo = async (prefix = 'repo') => {
    > 107 |   await screen.findByRole('link', { name: `${prefix}-1` });
          |                ^
      108 |   fireEvent.click(screen.getByTitle('2'));
      109 |   await screen.findByRole('link', { name: `${prefix}-31` });
      110 | };

      at waitForWrapper (../../../compass-agent/node_modules/@testing-library/dom/dist/wait-for.js:166:27)
      at ../../../compass-agent/node_modules/@testing-library/dom/dist/query-helpers.js:86:33
      at findByRole (src/modules/collection/MainContent.test.tsx:107:16)
      at Object.goToPageTwo (src/modules/collection/MainContent.test.tsx:141:11)

  ● collection search pagination › returns to the first unfiltered page when the search is cleared

    Unable to find role="link" and name "repo-1"

    Ignored nodes: comments, script, style
    [36m<body>[39m
      [36m<div>[39m
        [36m<div[39m
          [33mclass[39m=[32m"flex-1 overflow-y-auto"[39m
        [36m>[39m
          [36m<div[39m
            [33mclass[39m=[32m"w-full"[39m
          [36m>[39m
            [36m<div[39m
              [33mclass[39m=[32m"flex justify-between px-8 pt-4 pb-5 md:hidden"[39m
            [36m>[39m
              [36m<div[39m
                [33mclass[39m=[32m"mr-8"[39m
              [36m>[39m
                [36m<div[39m
                  [33mclass[39m=[32m"text-xl font-bold"[39m
                [36m>[39m
                  [0mSQL Database[0m
                [36m</div>[39m
                [36m<div[39m
                  [33mclass[39m=[32m"text-xs text-gray-400"[39m
                [36m>[39m
                  [0mcollection:repositories[0m
                [36m</div>[39m
              [36m</div>[39m
              [36m<div[39m
                [33mclass[39m=[32m"pt-1"[39m
              [36m>[39m
                [36m<div[39m
                  [33mclass[39m=[32m"h-8 flex-none cursor-pointer border border-gray-500 px-2 text-center text-xs font-semibold leading-8"[39m
                [36m>[39m
                  [36m<div[39m
                    [33mclass[39m=[32m"mr-2 inline-block align-text-bottom"[39m
                  [36m/>[39m
                  [0mcollection:pick_for_compare[0m
                [36m</div>[39m
              [36m</div>[39m
              [36m<div[39m
                [33mclass[39m=[32m"ml-4 pt-1"[39m
              [36m>[39m
                [36m<div[39m
                  [33mclass[39m=[32m"flex items-center border border-gray-500 px-2 md:px-2"[39m
                [36m>[39m
                  [36m<input[39m
                    [33malt[39m=[32m"Type the name to insight into your project"[39m
                    [33mclass[39m=[32m"h-[30px] w-full appearance-none bg-transparent text-sm outline-0 md:h-[30px] md:text-sm"[39m
                    [33mplaceholder[39m=[32m"collection:search_repository"[39m
                    [33mtype[39m=[32m"text"[39m
                    [33mvalue[39m=[32m""[39m
                  [36m/>[39m
                  [36m<div[39m
                    [33mclass[39m=[32m"h-6 w-8 cursor-pointer select-none pl-2"[39m
                  [36m>[39m
                    [36m<svg[39m
                      [33mclass[39m=[32m"h-full w-full"[39m
                      [33mfill[39m=[32m"currentColor"[39m
                      [33mheight[39m=[32m"1em"[39m
                      [33mstroke[39m=[32m"currentColor"[39m
                      [33mstroke-width[39m=[32m"0"[39m
                      [33mviewBox[39m=[32m"0 0 1024 1024"[39m
                      [33mwidth[39m=[32m"1em"[39m
                      [33mxmlns[39m=[32m"http://www.w3.org/2000/svg"[39m
                    [36m>[39m
                      [36m<path[39m
                        [33md[39m=[32m"M909.6 854.5L649.9 594.8C690.2 542.7 712 479 712 412c0-80.2-31.3-155.4-87.9-212.1-56.6-56.7-132-87.9-212.1-87.9s-155.5 31.3-212.1 87.9C143.2 256.5 112 331.8 112 412c0 80.1 31.3 155.5 87.9 212.1C256.5 680.8 331.8 712 412 712c67 0 130.6-21.8 182.7-62l259.7 259.6a8.2 8.2 0 0 0 11.6 0l43.6-43.5a8.2 8.2 0 0 0 0-11.6zM570.4 570.4C528 612.7 471.8 636 412 636s-116-23.3-158.4-65.6C211.3 528 188 471.8 188 412s23.3-116.1 65.6-158.4C296 211.3 352.2 188 412 188s116.1 23.2 158.4 65.6S636 352.2 636 412s-23.3 116.1-65.6 158.4z"[39m
                      [36m/>[39m
                    [36m</svg>[39m
                  [36m</div>[39m
                [36m</div>[39m
              [36m</div>[39m
              [36m<div[39m
                [33mclass[39m=[32m"ml-auto mt-2 cursor-pointer text-2xl"[39m
              [36m>[39m
                [36m<a[39m
                  [33mclass[39m=[32m"ant-dropdown-trigger hover:text-[#1677ff]"[39m
                [36m>[39m
                  [36m<svg[39m
                    [33mfill[39m=[32m"currentColor"[39m
                    [33mheight[39m=[32m"1em"[39m
                    [33mstroke[39m=[32m"currentColor"[39m
                    [33mstroke-width[39m=[32m"0"[39m
                    [33mviewBox[39m=[32m"0 0 24 24"[39m
                    [33mwidth[39m=[32m"1em"[39m
                    [33mxmlns[39m=[32m"http://www.w3.org/2000/svg"[39m
                  [36m>[39m
                    [36m<path[39m
                      [33md[39m=[32m"M0 0h24v24H0V0z"[39m
                      [33mfill[39m=[32m"none"[39m
                    [36m/>[39m
                    [36m<path[39m
                      [33md[39m=[32m"M3 18h6v-2H3v2zM3 6v2h18V6H3zm0 7h12v-2H3v2z"[39m
                    [36m/>[39m
                  [36m</svg>[39m
                [36m</a>[39m
              [36m</div>[39m
            [36m</div>[39m
            [36m<div[39m
              [33mclass[39m=[32m">md:hidden mb-4 flex flex h-11 items-center justify-between border-b bg-white px-4"[39m
            [36m>[39m
              [36m<div[39m
                [33mclass[39m=[32m"flex items-center"[39m
              [36m>[39m
                [36m<select[39m
                  [33mclass[39m=[32m"appearance-none bg-white font-medium outline-0"[39m
                  [33mstyle[39m=[32m"width: 10px;"[39m
                [36m>[39m
                  [36m<option[39m
                    [33mvalue[39m=[32m"/sql-database"[39m
                  [36m>[39m
                    [0mSQL Database[0m
                  [36m</option>[39m
                [36m</select>[39m
                [36m<div[39m
                  [33mclass[39m=[32m"text-xs"[39m
                [36m>[39m
                  [36m<svg[39m
                    [33mfill[39m=[32m"currentColor"[39m
                    [33mheight[39m=[32m"1em"[39m
                    [33mstroke[39m=[32m"currentColor"[39m
                    [33mstroke-width[39m=[32m"0"[39m
                    [33mviewBox[39m=[32m"0 0 1024 1024"[39m
                    [33mwidth[39m=[32m"1em"[39m
                    [33mxmlns[39m=[32m"http://www.w3.org/2000/svg"[39m
                  [36m>[39m
                    [36m<path[39m
                      [33md[39m=[32m"M840.4 300H183.6c-19.7 0-30.7 20.8-18.5 35l328.4 380.8c9.4 10.9 27.5 10.9 37 0L858.9 335c12.2-14.2 1.2-35-18.5-35z"[39m
                    [36m/>[39m
                  [36m</svg>[39m
                [36m</div>[39m
              [36m</div>[39m
              [36m<div[39m
                [33mclass[39m=[32m"text-xs text-gray-400"[39m
              [36m>[39m
                [0mcollection:repositories[0m
              [36m</div>[39m
            [36m</div>[39m
            [36m<span[39m
              [33mclass[39m=[32m"absolute -left-[9999px]  appearance-none bg-white font-medium outline-0"[39m
              [33mid[39m=[32m"select-element-width-helper"[39m
            [36m>[39m
              [0mSQL Database[0m
            [36m</span>[39m
            [36m<div[39m
              [33mclass[39m=[32m"px-8 pb-10 md:px-4"[39m
            [36m>[39m
              [36m<div[39m
                [33mclass[39m=[32m"grid flex-1 gap-6 >2xl:grid-cols-5 2xl:grid-cols-5 xl:grid-cols-4 lg:grid-cols-3 md:grid-cols-2 md:gap-4 sm:grid-cols-1"[39m
              [36m>[39m
                [36m<div[39m
                  [33mclass[39m=[32m"w-full"[39m
                [...

      151 |     submitSearch('');
      152 |
    > 153 |     await screen.findByRole('link', { name: 'repo-1' });
          |                  ^
      154 |     expect(queriesFor('').map(({ page }) => page)).toEqual([1]);
      155 |   });
      156 |

      at waitForWrapper (../../../compass-agent/node_modules/@testing-library/dom/dist/wait-for.js:166:27)
      at ../../../compass-agent/node_modules/@testing-library/dom/dist/query-helpers.js:86:33
      at Object.findByRole (src/modules/collection/MainContent.test.tsx:153:18)

  ● collection search pagination › preserves the activity sort and page size while resetting search pagination

    Unable to find role="link" and name "needle-1"

    Ignored nodes: comments, script, style
    [36m<body>[39m
      [36m<div>[39m
        [36m<div[39m
          [33mclass[39m=[32m"flex-1 overflow-y-auto"[39m
        [36m>[39m
          [36m<div[39m
            [33mclass[39m=[32m"w-full"[39m
          [36m>[39m
            [36m<div[39m
              [33mclass[39m=[32m"flex justify-between px-8 pt-4 pb-5 md:hidden"[39m
            [36m>[39m
              [36m<div[39m
                [33mclass[39m=[32m"mr-8"[39m
              [36m>[39m
                [36m<div[39m
                  [33mclass[39m=[32m"text-xl font-bold"[39m
                [36m>[39m
                  [0mSQL Database[0m
                [36m</div>[39m
                [36m<div[39m
                  [33mclass[39m=[32m"text-xs text-gray-400"[39m
                [36m>[39m
                  [0mcollection:repositories[0m
                [36m</div>[39m
              [36m</div>[39m
              [36m<div[39m
                [33mclass[39m=[32m"pt-1"[39m
              [36m>[39m
                [36m<div[39m
                  [33mclass[39m=[32m"h-8 flex-none cursor-pointer border border-gray-500 px-2 text-center text-xs font-semibold leading-8"[39m
                [36m>[39m
                  [36m<div[39m
                    [33mclass[39m=[32m"mr-2 inline-block align-text-bottom"[39m
                  [36m/>[39m
                  [0mcollection:pick_for_compare[0m
                [36m</div>[39m
              [36m</div>[39m
              [36m<div[39m
                [33mclass[39m=[32m"ml-4 pt-1"[39m
              [36m>[39m
                [36m<div[39m
                  [33mclass[39m=[32m"flex items-center border border-gray-500 px-2 md:px-2"[39m
                [36m>[39m
                  [36m<input[39m
                    [33malt[39m=[32m"Type the name to insight into your project"[39m
                    [33mclass[39m=[32m"h-[30px] w-full appearance-none bg-transparent text-sm outline-0 md:h-[30px] md:text-sm"[39m
                    [33mplaceholder[39m=[32m"collection:search_repository"[39m
                    [33mtype[39m=[32m"text"[39m
                    [33mvalue[39m=[32m"needle"[39m
                  [36m/>[39m
                  [36m<div[39m
                    [33mclass[39m=[32m"h-6 w-8 cursor-pointer select-none pl-2"[39m
                  [36m>[39m
                    [36m<svg[39m
                      [33mclass[39m=[32m"h-full w-full"[39m
                      [33mfill[39m=[32m"currentColor"[39m
                      [33mheight[39m=[32m"1em"[39m
                      [33mstroke[39m=[32m"currentColor"[39m
                      [33mstroke-width[39m=[32m"0"[39m
                      [33mviewBox[39m=[32m"0 0 1024 1024"[39m
                      [33mwidth[39m=[32m"1em"[39m
                      [33mxmlns[39m=[32m"http://www.w3.org/2000/svg"[39m
                    [36m>[39m
                      [36m<path[39m
                        [33md[39m=[32m"M909.6 854.5L649.9 594.8C690.2 542.7 712 479 712 412c0-80.2-31.3-155.4-87.9-212.1-56.6-56.7-132-87.9-212.1-87.9s-155.5 31.3-212.1 87.9C143.2 256.5 112 331.8 112 412c0 80.1 31.3 155.5 87.9 212.1C256.5 680.8 331.8 712 412 712c67 0 130.6-21.8 182.7-62l259.7 259.6a8.2 8.2 0 0 0 11.6 0l43.6-43.5a8.2 8.2 0 0 0 0-11.6zM570.4 570.4C528 612.7 471.8 636 412 636s-116-23.3-158.4-65.6C211.3 528 188 471.8 188 412s23.3-116.1 65.6-158.4C296 211.3 352.2 188 412 188s116.1 23.2 158.4 65.6S636 352.2 636 412s-23.3 116.1-65.6 158.4z"[39m
                      [36m/>[39m
                    [36m</svg>[39m
                  [36m</div>[39m
                [36m</div>[39m
              [36m</div>[39m
              [36m<div[39m
                [33mclass[39m=[32m"ml-auto mt-2 cursor-pointer text-2xl"[39m
              [36m>[39m
                [36m<a[39m
                  [33mclass[39m=[32m"ant-dropdown-trigger hover:text-[#1677ff]"[39m
                [36m>[39m
                  [36m<svg[39m
                    [33mfill[39m=[32m"currentColor"[39m
                    [33mheight[39m=[32m"1em"[39m
                    [33mstroke[39m=[32m"currentColor"[39m
                    [33mstroke-width[39m=[32m"0"[39m
                    [33mviewBox[39m=[32m"0 0 24 24"[39m
                    [33mwidth[39m=[32m"1em"[39m
                    [33mxmlns[39m=[32m"http://www.w3.org/2000/svg"[39m
                  [36m>[39m
                    [36m<path[39m
                      [33md[39m=[32m"M0 0h24v24H0V0z"[39m
                      [33mfill[39m=[32m"none"[39m
                    [36m/>[39m
                    [36m<path[39m
                      [33md[39m=[32m"M3 18h6v-2H3v2zM3 6v2h18V6H3zm0 7h12v-2H3v2z"[39m
                    [36m/>[39m
                  [36m</svg>[39m
                [36m</a>[39m
              [36m</div>[39m
            [36m</div>[39m
            [36m<div[39m
              [33mclass[39m=[32m">md:hidden mb-4 flex flex h-11 items-center justify-between border-b bg-white px-4"[39m
            [36m>[39m
              [36m<div[39m
                [33mclass[39m=[32m"flex items-center"[39m
              [36m>[39m
                [36m<select[39m
                  [33mclass[39m=[32m"appearance-none bg-white font-medium outline-0"[39m
                  [33mstyle[39m=[32m"width: 10px;"[39m
                [36m>[39m
                  [36m<option[39m
                    [33mvalue[39m=[32m"/sql-database"[39m
                  [36m>[39m
                    [0mSQL Database[0m
                  [36m</option>[39m
                [36m</select>[39m
                [36m<div[39m
                  [33mclass[39m=[32m"text-xs"[39m
                [36m>[39m
                  [36m<svg[39m
                    [33mfill[39m=[32m"currentColor"[39m
                    [33mheight[39m=[32m"1em"[39m
                    [33mstroke[39m=[32m"currentColor"[39m
                    [33mstroke-width[39m=[32m"0"[39m
                    [33mviewBox[39m=[32m"0 0 1024 1024"[39m
                    [33mwidth[39m=[32m"1em"[39m
                    [33mxmlns[39m=[32m"http://www.w3.org/2000/svg"[39m
                  [36m>[39m
                    [36m<path[39m
                      [33md[39m=[32m"M840.4 300H183.6c-19.7 0-30.7 20.8-18.5 35l328.4 380.8c9.4 10.9 27.5 10.9 37 0L858.9 335c12.2-14.2 1.2-35-18.5-35z"[39m
                    [36m/>[39m
                  [36m</svg>[39m
                [36m</div>[39m
              [36m</div>[39m
              [36m<div[39m
                [33mclass[39m=[32m"text-xs text-gray-400"[39m
              [36m>[39m
                [0mcollection:repositories[0m
              [36m</div>[39m
            [36m</div>[39m
            [36m<span[39m
              [33mclass[39m=[32m"absolute -left-[9999px]  appearance-none bg-white font-medium outline-0"[39m
              [33mid[39m=[32m"select-element-width-helper"[39m
            [36m>[39m
              [0mSQL Database[0m
            [36m</span>[39m
            [36m<div[39m
              [33mclass[39m=[32m"px-8 pb-10 md:px-4"[39m
            [36m>[39m
              [36m<div[39m
                [33mclass[39m=[32m"grid flex-1 gap-6 >2xl:grid-cols-5 2xl:grid-cols-5 xl:grid-cols-4 lg:grid-cols-3 md:grid-cols-2 md:gap-4 sm:grid-cols-1"[39m
              [36m/>[39m
              [36m<div[39m
                [33mclass[39m=[32m"flex justify-center py-6"[39m
              [36m>[39m
                [36m<div>[39m
                  [36m<ul[39m
                    [33mclass[39m=[32m"ant-pagination css-dev-only-do-not-override-mncuj7"[39m
                  [36m>[39m
                    [36m<li[39m
                      [33maria-disabled[39m=[32m"true"[39m
                      [33mclass[39m=[32m"ant-pagination-prev ant-pagination-disabled"[39m
                      [33mtitle[39m=[32m"Previous Page"[39m
                    [36m>[39m
                      [36m<button[39m
                        [33mclass[39m=[32m"ant-pagination-item-link"[39m
                        [33mdisabled[39m=[32m""[39m
                        [33mtabindex[39m=[32m"-1"[39m
                        [33mtype[39m=[32m"button"[39m
                      [36m>[39m
                        [36m<span[39m
                          [33maria-label[39m=[32m"left"[39m
                          [33mclass[39m=[32m"anticon anticon-left"[39m
                          [33mrole[39m=[32m"img"[39m
                        [36m>[39m
                          [36m<svg[39m
                            [33maria-hidden[39m=[32m"true"[39m
                            [33mdata-icon[39m=[32m"left"[39m
                            [33mfill[39m=[32m"currentColor"[39m
                            [33mfocusable[39m=[32m"false"[39m
                            [33mheight[39m=[32m"1em"[39m
                            [33mviewBox[39m=[32m"64 64 896 896"[39m
                            [33mwidth[39m=[32m"1em"[39m
                          [36m>[39m
                            [36m<path[39m
                              [33md[39m=[32m"M724 218.3V141c0-6.7-7.7-10.4-12.9-6.3L260.3 486.8a31.86 31.86 0 000 50.3l450.8 352.1c5.3 4.1 12.9.4 12.9-6.3v-77.3c0-4.9-2.3-9.6-6.1-12.6l-360-281 360-281.1c3.8-3 6.1-7.7 6.1-12.6z"[39m
                            [36m/>[39m
                          [36m</svg>[39m
                        [36m</span>[39m
                      [36m</button>[39m
                    [36m</li>[39m
                    [36m<li[39m
                      [33mclass[39m=[32m"ant-pagination-item ant-pagination-item-1 ant-pagination-item-active"[39m
                      [33mtabindex[39m=[32m"0"[39m
                      [33mtitle[39m=[32m"1"[39m
                    [36m>[39m
                      [36m<a[39m
                        [33mrel[39m=[32m"nofollow"[39m
                      [36m>[39m
                        [0m1[0m
                      [36m</a>[39m
                    [36m</li>[39m
                    [36m<li[39m
                      [33maria-disabled[39m=[32m"true"[39m
                      [33mclass[39m=[32m"ant-pagination-next ant-pagination-disabled"[39m
                      [33mtitle[39m=[32m"Next Page"[39m
                    [36m>[39m
                      [36m<button[39m
                        [33mclass[39m=[32m"ant-pagination-item-link"[39m
                        [33mdisabled[39m=[32m""[39m
                        [33mtabindex[39m=[32m"-1"[39m
                        [33mtype[39m=[32m"button"[39m
                      [36m>[39m
                        [36m<span[39m
                          [33maria-label[39m=[32m"right"[39m
                          [33mclass[39m=[32m"anticon anticon-right"[39m
                          [33mrole[39m=[32m"img"[39m
                        [36m>[39m
                          [36m<svg[39m
                            [33maria-hidden[39m=[32m"true"[39m
                            [33mdata-icon[39m=[32m"right"[39m
                            [33mfill[39m=[32m"currentColor"[39m
                            [33mfocusable[39m=[32m"false"[39m
                            [33mheight[39m=[32m"1em"[39m
                            [33mviewBox[39m=[32m"64 64 896 896"[39m
                            [33mwidth[39m=[32m"1em"[39m
                          [36m>[39m
                            [36m<path[39m
                              [33md[39m=[32m"M765.7 486.8L314.9 134.7A7.97 7.97 0 00302 141v77.3c0 4.9 2.3 9.6 6.1 12.6l360 281.1-360 281.1c-3.9 3-6.1 7.7-6.1 12.6V883c0 6.7 7.7 10.4 12.9 6.3l450.8-352.1a31.96 31.96 0 000-50.4z"[39m
                            [36m/>[39m
                          [36m</svg>[39m
                        [36m</span>[39m
                      [36m</button>[39m
                    [36m</li>[39m
                  [36m</ul>[39m
                [36m</div>[39m
              [36m</div>[39m
            [36m</div>[39m
          [36m</div>[39m
        [36m</div>[39m
      [36m</div>[39m
      [36m<div>[39m
        [36m<div[39m
          [33mclass[39m=[32m"ant-dropdown ant-dropdown-hidden css-dev-only-do-not-override-mncuj7 ant-dropdown-placement-bottomLeft"[39m
          [33mstyle[39m=[32m"--arrow-x: 0px; --arrow-y: 0px; left: 0px; top: 0px; box-sizing: border-box; pointer-events: none;"[39m
        [36m>[39m
          [36m<ul[39m
            [33mclass[39m=[32m"ant-dropdown-menu ant-dropdown-menu-root ant-dropdown-menu-vertical ant-dropdown-menu-light css-dev-only-do-not-override-mncuj7"[39m
            [33mdata-menu-list[39m=[32m"true"[39m
            [33mrole[39m=[32m"menu"[39m
            [33mtabindex[39m=[32m"0"[39m
          [36m>[39m
            [36m<li[39m
              [33maria-describedby[39m=[32m"test-id"[39m
              [33mclass[39m=[32m"ant-dropdown-menu-item ant-dropdown-menu-item-only-child"[39m
              [33mdata-menu-id[39m=[32m"rc-menu-uuid-test-1"[39m
              [33mrole[39m=[32m"menuitem"[39m
              [33mtabindex[39m=[32m"-1"[39m
            [36m>[39m
              [36m<span[39m
                [33mclass[39m=[32m"ant-dropdown-menu-title-content"[39m
              [36m>[39m
                [36m<span[39m
                  [33mclass[39m=[32m"text-[#1677ff]"[39m
                [36m>[39m
                  [0mcollection:descending_order_of_activity[0m
                [36m</span>[39m
              [36m</span>[39m
            [36m</li>[39m
            [36m<li[39m
              [33maria-describedby[39m=[32m"test-id"[39m
              [33mclass[39m=[32m"ant-dropdown-menu-item ant-dropdown-menu-item-only-child"[39m
              [33mdata-menu-id[39m=[32m"rc-menu-uuid-test-2"[39m
              [33mrole[39m=[32m"menuitem"[39m
              [33mtabindex[39m=[32m"-1"[39m
            [36m>[39m
              [36m<span[39m
                [33mclass[39m=[32m"ant-dropdown-menu-title-content"[39m
              [36m>[39m
                [36m<span[39m
                  [33mclass[39m=[32m""[39m
                [36m>[39m
                  [0mcollection:ascending_order_of_activity[0m
                [36m</span>[39m
              [36m</span>[39m
            [36m</li>[39m
          [36m</ul>[39m
          [36m<div[39m
            [33maria-hidden[39m=[32m"true"[39m
            [33mstyle[39m=[32m"display: none;"[39m
          [36m/>[39m
        [36m</div>[39m
      [36m</div>[39m
    [36m</body>[39m

      170 |     submitSearch('needle');
      171 |
    > 172 |     await screen.findByRole('link', { name: 'needle-1' });
          |                  ^
      173 |     expect(queriesFor('needle')).toEqual([
      174 |       expect.objectContaining({
      175 |         page: 1,

      at waitForWrapper (../../../compass-agent/node_modules/@testing-library/dom/dist/wait-for.js:166:27)
      at ../../../compass-agent/node_modules/@testing-library/dom/dist/query-helpers.js:86:33
      at Object.findByRole (src/modules/collection/MainContent.test.tsx:172:18)

Test Suites: 1 failed, 1 total
Tests:       5 failed, 1 passed, 6 total
Snapshots:   0 total
Time:        9.133 s, estimated 10 s
Ran all test suites matching /src\/modules\/collection\/MainContent.test.tsx/i.
